 dynamic

 Timestamp is 6a16ef23 (Wed May 27 15:18:27 2026)

 Preferred load address is 0000000180000000

 Start         Length     Name                   Class
 0001:00000000 00001a7cH .text                   CODE
 0002:00000000 00000008H .rdata$__mingw_fe_dfl_env DATA
 0002:00000008 00000008H .rdata$__mingw_fe_pc64_env DATA
 0002:00000010 00000008H .rdata$__mingw_fe_pc53_env DATA
 0002:00000018 00000008H .rdata$.refptr.__dyn_tls_init_callback DATA
 0002:00000020 00000008H .rdata$.refptr.__mingw_app_type DATA
 0002:00000028 00000008H .rdata$.refptr.__native_dllmain_reason DATA
 0002:00000030 00000008H .rdata$.refptr.__native_startup_lock DATA
 0002:00000038 00000008H .rdata$.refptr.__native_startup_state DATA
 0002:00000040 00000008H .rdata$.refptr.__xc_a   DATA
 0002:00000048 00000008H .rdata$.refptr.__xc_z   DATA
 0002:00000050 00000008H .rdata$.refptr.__xi_a   DATA
 0002:00000058 00000008H .rdata$.refptr.__xi_z   DATA
 0002:00000060 00000008H .rdata$.refptr._hInstance DATA
 0002:00000068 00000050H .rdata                  DATA
 0002:000000b8 00000008H .rdata$.refptr._CRT_MT  DATA
 0002:000000c0 00000008H .rdata$.refptr.__CTOR_LIST__ DATA
 0002:000000c8 00000143H .rdata                  DATA
 0002:00000210 00000008H .rdata$.refptr.__ImageBase DATA
 0002:00000218 00000008H .rdata$.refptr.__RUNTIME_PSEUDO_RELOC_LIST_END__ DATA
 0002:00000220 00000008H .rdata$.refptr.__RUNTIME_PSEUDO_RELOC_LIST__ DATA
 0002:00000228 00000010H .rdata                  DATA
 0002:00000238 00000008H .rdata$.refptr._mngr    DATA
 0002:00000240 00000008H .rdata$.refptr._mngr_set DATA
 0002:00000248 00000138H .rdata                  DATA
 0002:00000380 00000010H .00cfg                  DATA
 0002:00000390 00000008H .CRT$XCA                DATA
 0002:00000398 00000008H .CRT$XCZ                DATA
 0002:000003a0 00000008H .CRT$XDA                DATA
 0002:000003a8 00000008H .CRT$XDZ                DATA
 0002:000003b0 00000008H .CRT$XIA                DATA
 0002:000003b8 00000008H .CRT$XIZ                DATA
 0002:000003c0 00000008H .CRT$XLA                DATA
 0002:000003c8 00000008H .CRT$XLC                DATA
 0002:000003d0 00000008H .CRT$XLD                DATA
 0002:000003d8 00000008H .CRT$XLZ                DATA
 0002:000008f0 0000012cH .xdata                  DATA
 0004:00000000 00000040H .data                   DATA
 0004:00000040 000000d8H .bss                    DATA
 0005:00000000 000001bcH .pdata                  DATA
 0006:00000000 00000008H .tls                    DATA
 0006:00000008 00000008H .tls$ZZZ                DATA
 0007:00000000 000000c0H .rsrc$01                DATA
 0007:000000c0 00000200H .rsrc$02                DATA

  Address         Publics by Value              Rva+Base               Lib:Object

 0000:00000000       __guard_fids_table         0000000000000000     <absolute>
 0000:00000000       __guard_fids_count         0000000000000000     <absolute>
 0000:00000000       __guard_iat_table          0000000000000000     <absolute>
 0000:00000000       __guard_iat_count          0000000000000000     <absolute>
 0000:00000000       __guard_longjmp_table      0000000000000000     <absolute>
 0000:00000000       __guard_longjmp_count      0000000000000000     <absolute>
 0000:00000000       __guard_eh_cont_table      0000000000000000     <absolute>
 0000:00000000       __guard_eh_cont_count      0000000000000000     <absolute>
 0000:00000100       __guard_flags              0000000000000100     <absolute>
 0000:00000000       __ImageBase                0000000180000000     <linker-defined>
 0001:00000000       _CRT_INIT                  0000000180001000     dllcrt2.o
 0001:00000280       DllMainCRTStartup          0000000180001280     dllcrt2.o
 0001:00000450       atexit                     0000000180001450     dllcrt2.o
 0001:00000470       __System__GetTls           0000000180001470     crtbegin.o
 0001:00000470       _ZN7Sysinit7_GetTlsEv      0000000180001470     crtbegin.o
 0001:00000490       Radi                       0000000180001490     dynamic.o
 0001:000004a0       _libmain                   00000001800014a0     dynamic.o
 0001:000004b0       _amsg_exit                 00000001800014b0     libucrt:lib64_libucrt_extra_a-ucrt_amsg_exit.o
 0001:000004f0       DllEntryPoint              00000001800014f0     libmingw32:lib64_libmingw32_a-dllentry.o
 0001:00000520       __dyn_tls_init             0000000180001520     libmingw32:lib64_libmingw32_a-tlssup.o
 0001:000005e0       __tlregdtor                00000001800015e0     libmingw32:lib64_libmingw32_a-tlssup.o
 0001:00000610       __dyn_tls_dtor             0000000180001610     libmingw32:lib64_libmingw32_a-tlssup.o
 0001:00000650       __do_global_dtors          0000000180001650     libmingw32:lib64_libmingw32_a-gccmain.o
 0001:00000690       __do_global_ctors          0000000180001690     libmingw32:lib64_libmingw32_a-gccmain.o
 0001:00000730       __main                     0000000180001730     libmingw32:lib64_libmingw32_a-gccmain.o
 0001:00000760       _pei386_runtime_relocator  0000000180001760     libmingw32:lib64_libmingw32_a-pseudo-reloc.o
 0001:00000f90       DllMain                    0000000180001f90     libmingwex:lib64_libmingwex_a-dllmain.o
 0001:00000fb0       __guard_dispatch_icall_dummy 0000000180001fb0     libmingwex:lib64_libmingwex_a-mingw_cfguard_support.o
 0001:00000fd0       fprintf                    0000000180001fd0     libucrt:lib64_libucrt_extra_a-ucrt_fprintf.o
 0001:00001030       ___w64_mingwthr_add_key_dtor 0000000180002030     libmingw32:lib64_libmingw32_a-tlsthrd.o
 0001:000010e0       ___w64_mingwthr_remove_key_dtor 00000001800020e0     libmingw32:lib64_libmingw32_a-tlsthrd.o
 0001:000011b0       __mingw_TLScallback        00000001800021b0     libmingw32:lib64_libmingw32_a-tlsthrd.o
 0001:00001320       _ValidateImageBase         0000000180002320     libmingw32:lib64_libmingw32_a-pesect.o
 0001:000013b0       _FindPESection             00000001800023b0     libmingw32:lib64_libmingw32_a-pesect.o
 0001:00001480       _FindPESectionByName       0000000180002480     libmingw32:lib64_libmingw32_a-pesect.o
 0001:00001570       __mingw_GetSectionForAddress 0000000180002570     libmingw32:lib64_libmingw32_a-pesect.o
 0001:000015d0       __mingw_GetSectionCount    00000001800025d0     libmingw32:lib64_libmingw32_a-pesect.o
 0001:00001630       _FindPESectionExec         0000000180002630     libmingw32:lib64_libmingw32_a-pesect.o
 0001:00001710       _GetPEImageBase            0000000180002710     libmingw32:lib64_libmingw32_a-pesect.o
 0001:00001750       _IsNonwritableInCurrentImage 0000000180002750     libmingw32:lib64_libmingw32_a-pesect.o
 0001:000017e0       __mingw_enum_import_library_names 00000001800027e0     libmingw32:lib64_libmingw32_a-pesect.o
 0001:00001900       ___chkstk_ms               0000000180002900     libclang_rt.builtins-x86_64:chkstk.S.obj
 0001:00001930       vfprintf                   0000000180002930     libucrt:lib64_libucrt_extra_a-ucrt_vfprintf.o
 0001:00001970       __local_stdio_printf_options 0000000180002970     libucrt:lib64_libucrt_extra_a-ucrt___local_stdio_printf_options.o
 0001:00001980       calloc                     0000000180002980     libmingw32:lib64_libmingw32_a-calloc.o
 0001:000019e0       free                       00000001800029e0     libmingw32:lib64_libmingw32_a-free.o
 0001:00001a20       _init_crt_memory_manager   0000000180002a20     libmingw32:lib64_libmingw32_a-crtmm_init.o
 0001:00001a80       _execute_onexit_table      0000000180002a80     libucrt:api-ms-win-crt-runtime-l1-1-0.dll
 0001:00001a90       _initialize_onexit_table   0000000180002a90     libucrt:api-ms-win-crt-runtime-l1-1-0.dll
 0001:00001aa0       _initterm                  0000000180002aa0     libucrt:api-ms-win-crt-runtime-l1-1-0.dll
 0001:00001ab0       _initterm_e                0000000180002ab0     libucrt:api-ms-win-crt-runtime-l1-1-0.dll
 0001:00001ac0       _register_onexit_function  0000000180002ac0     libucrt:api-ms-win-crt-runtime-l1-1-0.dll
 0001:00001ad0       Sleep                      0000000180002ad0     import64:KERNEL32.dll
 0001:00001ae0       __acrt_iob_func            0000000180002ae0     libucrt:api-ms-win-crt-stdio-l1-1-0.dll
 0001:00001af0       _exit                      0000000180002af0     libucrt:api-ms-win-crt-runtime-l1-1-0.dll
 0001:00001b00       VirtualProtect             0000000180002b00     import64:KERNEL32.dll
 0001:00001b10       memcpy                     0000000180002b10     libucrt:api-ms-win-crt-private-l1-1-0.dll
 0001:00001b20       abort                      0000000180002b20     libucrt:api-ms-win-crt-runtime-l1-1-0.dll
 0001:00001b30       VirtualQuery               0000000180002b30     import64:KERNEL32.dll
 0001:00001b40       GetLastError               0000000180002b40     import64:KERNEL32.dll
 0001:00001b50       __stdio_common_vfprintf    0000000180002b50     libucrt:api-ms-win-crt-stdio-l1-1-0.dll
 0001:00001b60       EnterCriticalSection       0000000180002b60     import64:KERNEL32.dll
 0001:00001b70       LeaveCriticalSection       0000000180002b70     import64:KERNEL32.dll
 0001:00001b80       InitializeCriticalSection  0000000180002b80     import64:KERNEL32.dll
 0001:00001b90       DeleteCriticalSection      0000000180002b90     import64:KERNEL32.dll
 0001:00001ba0       _fpreset                   0000000180002ba0     libucrt:api-ms-win-crt-runtime-l1-1-0.dll
 0001:00001bb0       TlsGetValue                0000000180002bb0     import64:KERNEL32.dll
 0001:00001bc0       strlen                     0000000180002bc0     libucrt:api-ms-win-crt-string-l1-1-0.dll
 0001:00001bd0       strncmp                    0000000180002bd0     libucrt:api-ms-win-crt-string-l1-1-0.dll
 0001:00001be0       _calloc                    0000000180002be0     libucrt:api-ms-win-crt-heap-l1-1-0.dll
 0001:00001bf0       _free                      0000000180002bf0     libucrt:api-ms-win-crt-heap-l1-1-0.dll
 0002:00000000       __mingw_fe_dfl_env         0000000180003000     dllcrt2.o
 0002:00000008       __mingw_fe_pc64_env        0000000180003008     dllcrt2.o
 0002:00000010       __mingw_fe_pc53_env        0000000180003010     dllcrt2.o
 0002:00000018       .refptr.__dyn_tls_init_callback 0000000180003018     dllcrt2.o
 0002:00000020       .refptr.__mingw_app_type   0000000180003020     dllcrt2.o
 0002:00000028       .refptr.__native_dllmain_reason 0000000180003028     dllcrt2.o
 0002:00000030       .refptr.__native_startup_lock 0000000180003030     dllcrt2.o
 0002:00000038       .refptr.__native_startup_state 0000000180003038     dllcrt2.o
 0002:00000040       .refptr.__xc_a             0000000180003040     dllcrt2.o
 0002:00000048       .refptr.__xc_z             0000000180003048     dllcrt2.o
 0002:00000050       .refptr.__xi_a             0000000180003050     dllcrt2.o
 0002:00000058       .refptr.__xi_z             0000000180003058     dllcrt2.o
 0002:00000060       .refptr._hInstance         0000000180003060     dllcrt2.o
 0002:00000088       _tls_used                  0000000180003088     libmingw32:lib64_libmingw32_a-tlssup.o
 0002:000000b0       __dyn_tls_init_callback    00000001800030b0     libmingw32:lib64_libmingw32_a-tlssup.o
 0002:000000b8       .refptr._CRT_MT            00000001800030b8     libmingw32:lib64_libmingw32_a-tlssup.o
 0002:000000c0       .refptr.__CTOR_LIST__      00000001800030c0     libmingw32:lib64_libmingw32_a-gccmain.o
 0002:00000210       .refptr.__ImageBase        0000000180003210     libmingw32:lib64_libmingw32_a-pseudo-reloc.o
 0002:00000218       .refptr.__RUNTIME_PSEUDO_RELOC_LIST_END__ 0000000180003218     libmingw32:lib64_libmingw32_a-pseudo-reloc.o
 0002:00000220       .refptr.__RUNTIME_PSEUDO_RELOC_LIST__ 0000000180003220     libmingw32:lib64_libmingw32_a-pseudo-reloc.o
 0002:00000238       .refptr._mngr              0000000180003238     libmingw32:lib64_libmingw32_a-calloc.o
 0002:00000240       .refptr._mngr_set          0000000180003240     libmingw32:lib64_libmingw32_a-calloc.o
 0002:00000248       _load_config_used          0000000180003248     libmingwex:lib64_libmingwex_a-loadcfg.o
 0000:00000000       __RUNTIME_PSEUDO_RELOC_LIST_END__ 0000000180003380     <linker-defined>
 0000:00000000       __RUNTIME_PSEUDO_RELOC_LIST__ 0000000180003380     <linker-defined>
 0002:00000380       __guard_check_icall_fptr   0000000180003380     libmingwex:lib64_libmingwex_a-mingw_cfguard_support.o
 0002:00000388       __guard_dispatch_icall_fptr 0000000180003388     libmingwex:lib64_libmingwex_a-mingw_cfguard_support.o
 0002:00000390       __xc_a                     0000000180003390     libmingw32:lib64_libmingw32_a-cinitexe.o
 0002:00000398       __xc_z                     0000000180003398     libmingw32:lib64_libmingw32_a-cinitexe.o
 0002:000003b0       __xi_a                     00000001800033b0     libmingw32:lib64_libmingw32_a-cinitexe.o
 0002:000003b8       __xi_z                     00000001800033b8     libmingw32:lib64_libmingw32_a-cinitexe.o
 0002:000003c0       __xl_a                     00000001800033c0     libmingw32:lib64_libmingw32_a-tlssup.o
 0002:000003c8       __xl_c                     00000001800033c8     libmingw32:lib64_libmingw32_a-tlssup.o
 0002:000003d0       __xl_d                     00000001800033d0     libmingw32:lib64_libmingw32_a-tlssup.o
 0002:000003d8       __xl_z                     00000001800033d8     libmingw32:lib64_libmingw32_a-tlssup.o
 0000:00000000       __CTOR_LIST__              00000001800033e0     <linker-defined>
 0000:00000000       __DTOR_LIST__              00000001800033f0     <linker-defined>
 0002:000005c0       __imp__execute_onexit_table 00000001800035c0     libucrt:api-ms-win-crt-runtime-l1-1-0.dll
 0002:000005c8       __imp__exit                00000001800035c8     libucrt:api-ms-win-crt-runtime-l1-1-0.dll
 0002:000005d0       __imp__fpreset             00000001800035d0     libucrt:api-ms-win-crt-runtime-l1-1-0.dll
 0002:000005d8       __imp__initialize_onexit_table 00000001800035d8     libucrt:api-ms-win-crt-runtime-l1-1-0.dll
 0002:000005e0       __imp__initterm            00000001800035e0     libucrt:api-ms-win-crt-runtime-l1-1-0.dll
 0002:000005e8       __imp__initterm_e          00000001800035e8     libucrt:api-ms-win-crt-runtime-l1-1-0.dll
 0002:000005f0       __imp__register_onexit_function 00000001800035f0     libucrt:api-ms-win-crt-runtime-l1-1-0.dll
 0002:000005f8       __imp_abort                00000001800035f8     libucrt:api-ms-win-crt-runtime-l1-1-0.dll
 0002:00000608       __imp_DeleteCriticalSection 0000000180003608     import64:KERNEL32.dll
 0002:00000610       __imp_EnterCriticalSection 0000000180003610     import64:KERNEL32.dll
 0002:00000618       __imp_GetLastError         0000000180003618     import64:KERNEL32.dll
 0002:00000620       __imp_InitializeCriticalSection 0000000180003620     import64:KERNEL32.dll
 0002:00000628       __imp_LeaveCriticalSection 0000000180003628     import64:KERNEL32.dll
 0002:00000630       __imp_Sleep                0000000180003630     import64:KERNEL32.dll
 0002:00000638       __imp_TlsGetValue          0000000180003638     import64:KERNEL32.dll
 0002:00000640       __imp_VirtualProtect       0000000180003640     import64:KERNEL32.dll
 0002:00000648       __imp_VirtualQuery         0000000180003648     import64:KERNEL32.dll
 0002:00000658       __imp___acrt_iob_func      0000000180003658     libucrt:api-ms-win-crt-stdio-l1-1-0.dll
 0002:00000660       __imp___stdio_common_vfprintf 0000000180003660     libucrt:api-ms-win-crt-stdio-l1-1-0.dll
 0002:00000670       __imp_memcpy               0000000180003670     libucrt:api-ms-win-crt-private-l1-1-0.dll
 0002:00000680       __imp_strlen               0000000180003680     libucrt:api-ms-win-crt-string-l1-1-0.dll
 0002:00000688       __imp_strncmp              0000000180003688     libucrt:api-ms-win-crt-string-l1-1-0.dll
 0002:00000698       __imp__calloc              0000000180003698     libucrt:api-ms-win-crt-heap-l1-1-0.dll
 0002:000006a0       __imp__free                00000001800036a0     libucrt:api-ms-win-crt-heap-l1-1-0.dll
 0004:00000000       __isDLL                    0000000180005000     dllcrt2.o
 0004:00000001       __mingw_module_is_dll      0000000180005001     dllcrt2.o
 0004:00000008       __imp__amsg_exit           0000000180005008     libucrt:lib64_libucrt_extra_a-ucrt_amsg_exit.o
 0004:00000018       __native_dllmain_reason    0000000180005018     libmingw32:lib64_libmingw32_a-natstart.o
 0004:0000001c       __native_vcclrit_reason    000000018000501c     libmingw32:lib64_libmingw32_a-natstart.o
 0004:00000020       _CRT_MT                    0000000180005020     libmingw32:lib64_libmingw32_a-tlsmcrt.o
 0004:00000030       __imp_calloc               0000000180005030     libmingw32:lib64_libmingw32_a-calloc.o
 0004:00000038       __imp_free                 0000000180005038     libmingw32:lib64_libmingw32_a-free.o
 0004:00000040       __isGUI                    0000000180005040     dllcrt2.o
 0004:00000041       __isVCLPackage             0000000180005041     dllcrt2.o
 0004:00000060       _tls_index                 0000000180005060     libmingw32:lib64_libmingw32_a-tlssup.o
 0004:00000064       __mingw_initltsdrot_force  0000000180005064     libmingw32:lib64_libmingw32_a-tlssup.o
 0004:00000068       __mingw_initltsdyn_force   0000000180005068     libmingw32:lib64_libmingw32_a-tlssup.o
 0004:0000006c       __mingw_initltssuo_force   000000018000506c     libmingw32:lib64_libmingw32_a-tlssup.o
 0004:00000074       __mingw_app_type           0000000180005074     libmingw32:lib64_libmingw32_a-mingw_helpers.o
 0004:00000078       __native_startup_state     0000000180005078     libmingw32:lib64_libmingw32_a-natstart.o
 0004:00000080       __native_startup_lock      0000000180005080     libmingw32:lib64_libmingw32_a-natstart.o
 0004:00000088       _hInstance                 0000000180005088     libmingw32:lib64_libmingw32_a-hinstance.o
 0004:000000e8       _mngr_set                  00000001800050e8     libmingw32:lib64_libmingw32_a-crtmm_init.o
 0004:000000f0       _mngr                      00000001800050f0     libmingw32:lib64_libmingw32_a-crtmm_init.o
 0006:00000000       _tls_start                 0000000180007000     libmingw32:lib64_libmingw32_a-tlssup.o
 0006:00000008       _tls_end                   0000000180007008     libmingw32:lib64_libmingw32_a-tlssup.o

 entry point at         0001:00000280

 Static symbols

 0001:000007f0       do_pseudo_reloc            00000001800017f0     libmingw32:lib64_libmingw32_a-pseudo-reloc.o
 0001:00000bf0       restore_modified_sections  0000000180001bf0     libmingw32:lib64_libmingw32_a-pseudo-reloc.o
 0001:00000c90       __write_memory             0000000180001c90     libmingw32:lib64_libmingw32_a-pseudo-reloc.o
 0001:00000ce0       __report_error             0000000180001ce0     libmingw32:lib64_libmingw32_a-pseudo-reloc.o
 0001:00000d40       mark_section_writable      0000000180001d40     libmingw32:lib64_libmingw32_a-pseudo-reloc.o
 0001:00000fc0       __guard_check_icall_dummy  0000000180001fc0     libmingwex:lib64_libmingwex_a-mingw_cfguard_support.o
 0001:00001290       __mingwthr_run_key_dtors   0000000180002290     libmingw32:lib64_libmingw32_a-tlsthrd.o
 0002:00000380       _load_config_used__end     0000000180003380     libmingwex:lib64_libmingwex_a-loadcfg.o
 0002:000003a0       __xd_a                     00000001800033a0     libmingw32:lib64_libmingw32_a-tlssup.o
 0002:000003a8       __xd_z                     00000001800033a8     libmingw32:lib64_libmingw32_a-tlssup.o
 0004:00000010       __do_global_dtors.p        0000000180005010     libmingw32:lib64_libmingw32_a-gccmain.o
 0004:00000028       options                    0000000180005028     libucrt:lib64_libucrt_extra_a-ucrt___local_stdio_printf_options.o
 0004:00000044       __proc_attached            0000000180005044     dllcrt2.o
 0004:00000048       atexit_table               0000000180005048     dllcrt2.o
 0004:00000070       initialized                0000000180005070     libmingw32:lib64_libmingw32_a-gccmain.o
 0004:00000090       _pei386_runtime_relocator.was_init 0000000180005090     libmingw32:lib64_libmingw32_a-pseudo-reloc.o
 0004:00000098       the_secs                   0000000180005098     libmingw32:lib64_libmingw32_a-pseudo-reloc.o
 0004:000000a0       maxSections                00000001800050a0     libmingw32:lib64_libmingw32_a-pseudo-reloc.o
 0004:000000a8       __mingwthr_cs_init         00000001800050a8     libmingw32:lib64_libmingw32_a-tlsthrd.o
 0004:000000b0       __mingwthr_cs              00000001800050b0     libmingw32:lib64_libmingw32_a-tlsthrd.o
 0004:000000d8       key_dtor_list              00000001800050d8     libmingw32:lib64_libmingw32_a-tlsthrd.o
 0007:000000c0       $R000000                   00000001800080c0     internal .obj file created from .res files
 0007:000002b8       $R000001                   00000001800082b8     internal .obj file created from .res files
